01-17 23:30:47.030  9200  9200 E AndroidRuntime: 	at com.android.server.SystemServer.startOtherServices(SystemServer.java:624)
01-17 23:30:47.030  9200  9200 E AndroidRuntime: 	at com.android.server.SystemServer.run(SystemServer.java:291)
01-17 23:30:47.030  9200  9200 E AndroidRuntime: 	at com.android.server.SystemServer.main(SystemServer.java:176)
01-17 23:30:47.030  9200  9200 E AndroidRuntime: 	at java.lang.reflect.Method.invoke(Native Method)
01-17 23:30:47.030  9200  9200 E AndroidRuntime: 	at com.android.internal.os.ZygoteInit$MethodAndArgsCaller.run(ZygoteInit.java:726)
01-17 23:30:47.030  9200  9200 E AndroidRuntime: 	at com.android.internal.os.ZygoteInit.main(ZygoteInit.java:616)
01-17 23:30:47.030  9200  9429 W PackageManager: Unknown permission com.cyanogen.ambient.permission.BIND_CALLER_INFO in package com.android.messaging
01-17 23:30:47.030  9200  9429 W PackageManager: Unknown permission com.qualcomm.permission.USE_QCRIL_MSG_TUNNEL in package com.qualcomm.qti.telephonyservice
01-17 23:30:47.030  9200  9429 W PackageManager: Unknown permission com.cyngn.stats.SEND_ANALYTICS in package com.cyanogenmod.setupwizard
01-17 23:30:47.030  9200  9429 W PackageManager: Unknown permission com.cyanogen.permission.REQUEST_KILL_SWITCH_OP in package com.cyanogenmod.setupwizard
01-17 23:30:47.030  9200  9429 W PackageManager: Unknown permission android.permission.MMS_PUSH in package org.codeaurora.bluetooth
01-17 23:30:47.031  9200  9429 W PackageManager: Unknown permission com.cyanogen.ambient.permission.BIND_INCALL_SERVICE in package com.android.contacts
01-17 23:30:47.031  9200  9429 W PackageManager: Unknown permission com.cyanogen.ambient.permission.PLUGIN_STATUS_CHANGED in package com.android.contacts
01-17 23:30:47.031  9200  9429 W PackageManager: Unknown permission com.cyanogen.ambient.permission.BIND_CALLER_INFO in package com.android.contacts
01-17 23:30:47.031  9200  9429 W PackageManager: Unknown permission com.google.android.googleapps.permission.GOOGLE_AUTH.mail in package com.android.calendar
01-17 23:30:48.899  9526  9526 I InstallerConnection: connecting...
01-17 23:30:48.904  9526  9526 I InstallerConnection: disconnecting...
01-17 23:30:48.918  9526  9526 I SystemServer: Entered the Android system server!
01-17 23:30:48.980  9526  9526 I SystemServiceManager: Starting com.android.server.pm.Installer
01-17 23:30:48.981  9526  9526 I Installer: Waiting for installd to be ready.
01-17 23:30:48.981  9526  9526 I InstallerConnection: connecting...
01-17 23:30:48.981  9526  9526 I SystemServiceManager: Starting com.android.server.am.ActivityManagerService$Lifecycle
01-17 23:30:48.993  9526  9526 I ActivityManager: choosing minFree values for 32 Bit
01-17 23:30:48.993  9526  9526 I ActivityManager: choosing minFree values for 32 Bit
01-17 23:30:48.993  9526  9526 I ActivityManager: choosing minFree values for 32 Bit
01-17 23:30:48.993  9526  9526 I ActivityManager: choosing minFree values for 32 Bit
01-17 23:30:48.993  9526  9526 I ActivityManager: choosing minFree values for 32 Bit
01-17 23:30:48.993  9526  9526 I ActivityManager: choosing minFree values for 32 Bit
01-17 23:30:48.996  9526  9526 I ActivityManager: Memory class: 192
01-17 23:30:48.997  9526  9546 I ServiceThread: Enabled StrictMode logging for ActivityManager looper.
01-17 23:30:48.998  9526  9547 I ServiceThread: Enabled StrictMode logging for android.ui looper.
01-17 23:30:49.017  9526  9526 D BatteryStatsImpl: Reading daily items from /data/system/batterystats-daily.xml
01-17 23:30:49.024  9526  9526 I AppOps  : No existing app ops /data/system/appops.xml; starting empty
01-17 23:30:49.094  9526  9526 W ProcessCpuTracker: Skipping unknown process pid 9549
01-17 23:30:49.099  9526  9526 I IntentFirewall: Read new rules (A:0 B:0 S:0)
01-17 23:30:49.104  9526  9556 I ServiceThread: Enabled StrictMode logging for android.display looper.
01-17 23:30:49.106  9526  9526 D AppOps  : AppOpsService published
01-17 23:30:49.106  9526  9526 I SystemServiceManager: Starting com.android.server.power.PowerManagerService
01-17 23:30:49.109  9526  9559 I ServiceThread: Enabled StrictMode logging for PowerManagerService looper.
01-17 23:30:49.113  9526  9526 I SystemServiceManager: Starting com.android.server.lights.LightsService
01-17 23:30:49.114  9526  9526 I SystemServiceManager: Starting com.android.server.display.DisplayManagerService
01-17 23:30:49.116  9526  9526 I SystemServiceManager: Starting phase 100
01-17 23:30:49.123  9526  9556 I DisplayManagerService: Display device added: DisplayDeviceInfo{"Built-in Screen": uniqueId="local:0", 720 x 1280, modeId 1, defaultModeId 1, supportedModes [{id=1, width=720, height=1280, fps=60.000004}], colorTransformId 1, defaultColorTransformId 1, supportedColorTransforms [{id=1, colorTransform=0}], density 320, 281.353 x 282.713 dpi, appVsyncOff 0, presDeadline 17666666, touch INTERNAL, rotation 0, type BUILT_IN, state UNKNOWN, FLAG_DEFAULT_DISPLAY, FLAG_ROTATES_WITH_CONTENT, FLAG_SECURE, FLAG_SUPPORTS_PROTECTED_BUFFERS}
01-17 23:30:49.128  9526  9526 I SystemServer: Package Manager
01-17 23:30:49.129  9526  9556 I DisplayManagerService: Display device changed state: "Built-in Screen", ON
01-17 23:30:49.133  9526  9526 W SELinuxMMAC: Error opening /data/system/seapp_hash. Assuming first boot.
01-17 23:30:49.181  9526  9526 D SELinuxMMAC: Using policy file /system/etc/security/mac_permissions.xml
01-17 23:30:49.300  9526  9526 W PackageManager: Library not found: /system/framework/org.apache.http.legacy.jar
01-17 23:30:49.323  9526  9573 W PackageManager: Failed to parse /system/framework/arm: Missing base APK in /system/framework/arm
01-17 23:30:49.329  9526  9575 W PackageManager: Failed to parse /system/framework/oat: Missing base APK in /system/framework/oat
01-17 23:30:49.362  9526  9576 I PackageManager: SELinux relabeling of cyanogenmod.platform issued.
01-17 23:30:49.369  9526  9576 W PackageManager: Permission cyanogenmod.permission.WRITE_ALARMS from package cyanogenmod.platform in an unknown group android.permission-group.SYSTEM_CLOCK
01-17 23:30:49.370  9526  9576 W PackageManager: Permission cyanogenmod.permission.MANAGE_ALARMS from package cyanogenmod.platform in an unknown group android.permission-group.SYSTEM_CLOCK
01-17 23:30:49.370  9526  9576 W PackageManager: Permission cyanogenmod.permission.READ_ALARMS from package cyanogenmod.platform in an unknown group android.permission-group.SYSTEM_CLOCK
01-17 23:30:49.598  9526  9574 W PackageManager: Permission android.permission.SET_KEYGUARD_WALLPAPER from package android in an unknown group android.permission-group.WALLPAPER
01-17 23:30:49.598  9526  9574 W PackageManager: Permission android.permission.MODIFY_PROTECTED_SMS_LIST from package android in an unknown group android.permission-group.MESSAGES
01-17 23:30:49.598  9526  9574 W PackageManager: Permission android.permission.RECEIVE_PROTECTED_SMS from package android in an unknown group android.permission-group.MESSAGES
01-17 23:30:49.598  9526  9574 W PackageManager: Permission android.permission.RESET_BATTERY_STATS from package android in an unknown group android.permission-group.SYSTEM_TOOLS
01-17 23:30:49.641  9526  9575 I PackageManager: SELinux relabeling of org.cyanogenmod.doze issued.
01-17 23:30:49.644  9526  9576 I PackageManager: SELinux relabeling of org.cyanogenmod.cmsettings issued.
01-17 23:30:49.647  9526  9573 I PackageManager: SELinux relabeling of org.cyanogenmod.cmaudio.service issued.
01-17 23:30:49.702  9526  9593 I PackageManager: SELinux relabeling of com.android.backupconfirm issued.
01-17 23:30:49.721  9526  9592 I PackageManager: SELinux relabeling of org.cyanogenmod.audiofx issued.
01-17 23:30:49.777  9526  9574 I PackageManager: SELinux relabeling of org.lineageos.updater issued.
01-17 23:30:49.784  9526  9573 I PackageManager: SELinux relabeling of com.android.calllogbackup issued.
01-17 23:30:49.792  9526  9576 I PackageManager: SELinux relabeling of com.android.providers.calendar issued.
01-17 23:30:49.796  9526  9575 W PackageManager: Failed to parse /system/priv-app/CNEService: Signature mismatch for shared user : SharedUserSetting{e979e5d android.uid.system/1000}
01-17 23:30:49.829  9526  9592 I PackageManager: SELinux relabeling of com.android.cellbroadcastreceiver issued.
01-17 23:30:49.852  9526  9573 I PackageManager: SELinux relabeling of com.android.providers.contacts issued.
01-17 23:30:49.879  9526  9575 W PackageParser: No actions in intent filter at /system/priv-app/Contacts/Contacts.apk Binary XML file line #301
01-17 23:30:49.880  9526  9592 I PackageManager: SELinux relabeling of org.cyanogenmod.providers.datausage issued.
01-17 23:30:49.882  9526  9576 I PackageManager: SELinux relabeling of com.android.defcontainer issued.
01-17 23:30:49.898  9526  9593 I PackageManager: SELinux relabeling of com.android.carrierconfig issued.
01-17 23:30:49.908  9526  9573 W PackageParser: No actions in intent filter at /system/priv-app/Dialer/Dialer.apk Binary XML file line #152
01-17 23:30:49.948  9526  9592 I PackageManager: SELinux relabeling of com.android.providers.downloads issued.
01-17 23:30:49.957  9526  9576 I PackageManager: SELinux relabeling of com.android.externalstorage issued.
01-17 23:30:49.960  9526  9592 W PackageManager: Permission android.permission.DOWNLOAD_WITHOUT_NOTIFICATION from package com.android.providers.downloads in an unknown group android.permission-group.NETWORK
01-17 23:30:49.970  9526  9593 I PackageManager: SELinux relabeling of com.android.location.fused issued.
01-17 23:30:50.011  9526  9576 I PackageManager: SELinux relabeling of org.cyanogenmod.livelockscreen.service issued.
01-17 23:30:50.036  9526  9592 I PackageManager: SELinux relabeling of com.android.inputdevices issued.
01-17 23:30:50.041  9526  9593 I PackageManager: SELinux relabeling of com.android.managedprovisioning issued.
01-17 23:30:50.043  9526  9576 I PackageManager: SELinux relabeling of com.android.providers.media issued.
01-17 23:30:50.081  9526  9592 I PackageManager: SELinux relabeling of com.android.mms.service issued.
01-17 23:30:50.085  9526  9593 I PackageManager: SELinux relabeling of com.android.onetimeinitializer issued.
01-17 23:30:50.124  9526  9592 I PackageManager: SELinux relabeling of com.android.proxyhandler issued.
01-17 23:30:50.139  9526  9593 W PackageManager: Failed to parse /system/priv-app/QtiTetherService: Signature mismatch for shared user : SharedUserSetting{e979e5d android.uid.system/1000}
01-17 23:30:50.156  9526  9592 I PackageManager: SELinux relabeling of org.cyanogenmod.screencast issued.
01-17 23:30:50.185  9526  9592 I PackageManager: SELinux relabeling of com.android.providers.settings issued.
01-17 23:30:50.201  9526  9576 I PackageManager: SELinux relabeling of com.android.packageinstaller issued.
01-17 23:30:50.213  9526  9574 I PackageManager: SELinux relabeling of com.cyanogenmod.setupwizard issued.
01-17 23:30:50.220  9526  9592 I PackageManager: SELinux relabeling of com.android.sharedstoragebackup issued.
01-17 23:30:50.250  9526  9576 I PackageManager: SELinux relabeling of com.android.shell issued.
01-17 23:30:50.287  9526  9575 I PackageManager: SELinux relabeling of com.android.contacts issued.
01-17 23:30:50.317  9526  9574 I PackageManager: SELinux relabeling of com.android.statementservice issued.
01-17 23:30:50.370  9526  9574 W PackageParser: Ignoring duplicate uses-permissions/uses-permissions-sdk-m: android.permission.ACCESS_WIFI_STATE in package: com.android.phone at: Binary XML file line #134
01-17 23:30:50.382  9526  9573 I PackageManager: SELinux relabeling of com.android.dialer issued.
01-17 23:30:50.397  9526  9575 I PackageManager: SELinux relabeling of com.android.server.telecom issued.
01-17 23:30:50.419  9526  9592 I PackageManager: SELinux relabeling of org.cyanogenmod.snap issued.
01-17 23:30:50.425  9526  9574 I PackageManager: SELinux relabeling of com.android.phone issued.
01-17 23:30:50.444  9526  9573 I PackageManager: SELinux relabeling of com.android.providers.telephony issued.
01-17 23:30:50.483  9526  9592 I PackageManager: SELinux relabeling of org.cyanogenmod.themeservice issued.
01-17 23:30:50.493  9526  9575 I PackageManager: SELinux relabeling of org.cyanogenmod.theme.chooser2 issued.
01-17 23:30:50.499  9526  9574 I PackageManager: SELinux relabeling of org.cyanogenmod.themes.provider issued.
01-17 23:30:50.530  9526  9592 I PackageManager: SELinux relabeling of com.android.vpndialogs issued.
01-17 23:30:50.530  9526  9575 I PackageManager: SELinux relabeling of com.android.wallpapercropper issued.
01-17 23:30:50.535  9526  9573 I PackageManager: SELinux relabeling of com.cyanogenmod.trebuchet issued.
01-17 23:30:50.544  9526  9574 I PackageManager: SELinux relabeling of org.cyanogenmod.weatherservice issued.
01-17 23:30:50.552  9526  9576 I PackageManager: SELinux relabeling of com.android.systemui issued.
01-17 23:30:50.553  9526  9573 W PackageManager: Permission com.android.launcher.permission.INSTALL_SHORTCUT from package com.cyanogenmod.trebuchet in an unknown group android.permission-group.SYSTEM_TOOLS
01-17 23:30:50.553  9526  9573 W PackageManager: Permission com.android.launcher3.permission.READ_SETTINGS from package com.cyanogenmod.trebuchet in an unknown group android.permission-group.SYSTEM_TOOLS
01-17 23:30:50.553  9526  9573 W PackageManager: Permission com.android.launcher3.permission.WRITE_SETTINGS from package com.cyanogenmod.trebuchet in an unknown group android.permission-group.SYSTEM_TOOLS
01-17 23:30:50.566  9526  9592 I PackageManager: SELinux relabeling of org.cyanogenmod.weather.provider issued.
01-17 23:30:50.579  9526  9574 W PackageManager: Failed to parse /system/priv-app/qcrilmsgtunnel: Signature mismatch for shared user : SharedUserSetting{e45039 android.uid.phone/1001}
01-17 23:30:50.584  9526  9573 W PackageManager: Failed to parse /system/priv-app/dpmserviceapp: Signature mismatch for shared user : SharedUserSetting{e979e5d android.uid.system/1000}
01-17 23:30:50.587  9526  9575 W PackageManager: Failed to parse /system/priv-app/com.qualcomm.location: Signature mismatch for shared user : SharedUserSetting{e979e5d android.uid.system/1000}
01-17 23:30:50.647  9526  9593 I PackageManager: SELinux relabeling of com.android.settings issued.
01-17 23:30:50.674  9526  9573 W PackageParser: No actions in intent filter at /system/app/BluetoothExt/BluetoothExt.apk Binary XML file line #139
01-17 23:30:50.675  9526  9573 W PackageParser: No actions in intent filter at /system/app/BluetoothExt/BluetoothExt.apk Binary XML file line #163
01-17 23:30:50.678  9526  9593 W PackageParser: No actions in intent filter at /system/app/CMFileManager/CMFileManager.apk Binary XML file line #164
01-17 23:30:50.683  9526  9592 I PackageManager: SELinux relabeling of com.android.dreams.basic issued.
01-17 23:30:50.684  9526  9576 I PackageManager: SELinux relabeling of com.dsi.ant.server issued.
01-17 23:30:50.690  9526  9575 I PackageManager: SELinux relabeling of com.android.bluetoothmidiservice issued.
01-17 23:30:50.700  9526  9574 W PackageParser: No actions in intent filter at /system/app/Bluetooth/Bluetooth.apk Binary XML file line #234
01-17 23:30:50.709  9526  9573 I PackageManager: SELinux relabeling of org.codeaurora.bluetooth issued.
01-17 23:30:50.733  9526  9593 I PackageManager: SELinux relabeling of com.cyanogenmod.filemanager issued.
01-17 23:30:50.735  9526  9575 I PackageManager: SELinux relabeling of com.android.captiveportallogin issued.
01-17 23:30:50.738  9526  9574 I PackageManager: SELinux relabeling of com.android.bluetooth issued.
01-17 23:30:50.759  9526  9592 I PackageManager: SELinux relabeling of com.cyanogenmod.wallpapers issued.
01-17 23:30:50.759  9526  9573 I PackageManager: SELinux relabeling of com.android.certinstaller issued.
01-17 23:30:50.778  9526  9575 I PackageManager: SELinux relabeling of com.android.development issued.
01-17 23:30:50.810  9526  9573 I PackageManager: SELinux relabeling of com.android.providers.downloads.ui issued.
01-17 23:30:50.816  9526  9576 I PackageManager: SELinux relabeling of com.android.calendar issued.
01-17 23:30:50.850  9526  9574 I PackageManager: SELinux relabeling of com.android.documentsui issued.
01-17 23:30:50.859  9526  9592 I PackageManager: SELinux relabeling of com.cyanogenmod.eleven issued.
01-17 23:30:50.860  9526  9573 I PackageManager: SELinux relabeling of com.android.calculator2 issued.
01-17 23:30:50.872  9526  9576 I PackageManager: SELinux relabeling of com.android.exchange issued.
01-17 23:30:50.910  9526  9593 I PackageManager: SELinux relabeling of com.android.deskclock issued.
01-17 23:30:50.911  9526  9576 W PackageParser: No actions in intent filter at /system/app/Gello/Gello.apk Binary XML file line #284
01-17 23:30:50.915  9526  9592 I PackageManager: SELinux relabeling of com.android.galaxy4 issued.
01-17 23:30:50.938  9526  9574 W PackageParser: Unknown element under <application>: permission at /system/app/Gallery2/Gallery2.apk Binary XML file line #279
01-17 23:30:50.939  9526  9574 W PackageParser: Unknown element under <application>: permission at /system/app/Gallery2/Gallery2.apk Binary XML file line #282
01-17 23:30:50.956  9526  9593 I PackageManager: SELinux relabeling of com.android.htmlviewer issued.
01-17 23:30:50.969  9526  9573 I PackageManager: SELinux relabeling of com.caf.fmradio issued.
01-17 23:30:50.998  9526  9593 I PackageManager: SELinux relabeling of com.android.wallpaper.holospiral issued.
01-17 23:30:51.013  9526  9573 I PackageManager: SELinux relabeling of com.android.keychain issued.
01-17 23:30:51.030  9526  9575 I PackageManager: SELinux relabeling of com.android.email issued.
01-17 23:30:51.067  9526  9573 I PackageManager: SELinux relabeling of com.android.wallpaper issued.
01-17 23:30:51.076  9526  9575 I PackageManager: SELinux relabeling of com.android.wallpaper.livepicker issued.
01-17 23:30:51.082  9526  9574 I PackageManager: SELinux relabeling of com.android.gallery3d issued.
01-17 23:30:51.126  9526  9573 I PackageManager: SELinux relabeling of com.cyanogenmod.lockclock issued.
01-17 23:30:51.155  9526  9573 I PackageManager: SELinux relabeling of com.android.phasebeam issued.
01-17 23:30:51.157  9526  9574 I PackageManager: SELinux relabeling of com.android.pacprocessor issued.
01-17 23:30:51.159  9526  9575 I PackageManager: SELinux relabeling of com.android.noisefield issued.
01-17 23:30:51.176  9526  9592 I PackageManager: SELinux relabeling of org.cyanogenmod.hexolibre issued.
01-17 23:30:51.190  9526  9575 I PackageManager: SELinux relabeling of com.svox.pico issued.
01-17 23:30:51.190  9526  9574 I PackageManager: SELinux relabeling of com.android.dreams.phototable issued.
01-17 23:30:51.207  9526  9573 I PackageManager: SELinux relabeling of org.cyanogenmod.wallpapers.photophase issued.
01-17 23:30:51.212  9526  9592 I PackageManager: SELinux relabeling of com.android.printspooler issued.
01-17 23:30:51.220  9526  9575 I PackageManager: SELinux relabeling of org.cyanogenmod.profiles issued.
01-17 23:30:51.226  9526  9574 I PackageManager: SELinux relabeling of com.android.provision issued.
01-17 23:30:51.237  9526  9573 I PackageManager: SELinux relabeling of com.qualcomm.qti.telephonyservice issued.
01-17 23:30:51.245  9526  9576 I PackageManager: SELinux relabeling of org.cyanogenmod.gello.browser issued.
01-17 23:30:51.249  9526  9592 I PackageManager: SELinux relabeling of com.android.soundrecorder issued.
01-17 23:30:51.254  9526  9575 I PackageManager: SELinux relabeling of com.android.stk issued.
01-17 23:30:51.258  9526  9574 I PackageManager: SELinux relabeling of com.android.terminal issued.
01-17 23:30:51.271  9526  9574 W PackageManager: Failed to parse /system/app/ims: Missing base APK in /system/app/ims
01-17 23:30:51.277  9526  9573 W PackageManager: Failed to parse /system/app/TimeService: Signature mismatch for shared user : SharedUserSetting{e979e5d android.uid.system/1000}
01-17 23:30:51.277  9526  9576 I PackageManager: SELinux relabeling of com.android.providers.userdictionary issued.
01-17 23:30:51.283  9526  9592 I PackageManager: SELinux relabeling of com.android.smspush issued.
01-17 23:30:51.290  9526  9575 I PackageManager: SELinux relabeling of org.cyanogenmod.wallpaperpicker issued.
01-17 23:30:51.291  9526  9573 I PackageManager: SELinux relabeling of com.qualcomm.shutdownlistner issued.
01-17 23:30:51.298  9526  9576 I PackageManager: SELinux relabeling of com.android.frameworks.telresources issued.
01-17 23:30:51.312  9662  9662 F libc    : Fatal signal 11 (SIGSEGV), code 1, fault addr 0x4 in tid 9662 (mediaserver)
01-17 23:30:51.317  9526  9592 I PackageManager: SELinux relabeling of com.android.webview issued.
01-17 23:30:51.329  9526  9593 I PackageManager: SELinux relabeling of com.android.inputmethod.latin issued.
01-17 23:30:51.364  1966  1966 F DEBUG   : *** *** *** *** *** *** *** *** *** *** *** *** *** *** *** ***
01-17 23:30:51.364  1966  1966 F DEBUG   : LineageOS Version: '13.0-20170519-UNOFFICIAL-land'
01-17 23:30:51.364  1966  1966 F DEBUG   : Build fingerprint: 'Xiaomi/land/land:6.0.1/MMB29M/7.3.16:user/release-keys'
01-17 23:30:51.364  1966  1966 F DEBUG   : Revision: '0'
01-17 23:30:51.364  1966  1966 F DEBUG   : ABI: 'arm'
01-17 23:30:51.364  1966  1966 F DEBUG   : pid: 9662, tid: 9662, name: mediaserver  >>> /system/bin/mediaserver <<<
01-17 23:30:51.364  1966  1966 F DEBUG   : signal 11 (SIGSEGV), code 1 (SEGV_MAPERR), fault addr 0x4
01-17 23:30:51.373  1966  1966 F DEBUG   :     r0 00000000  r1 00000004  r2 00000000  r3 b6f21c30
01-17 23:30:51.373  1966  1966 F DEBUG   :     r4 00000000  r5 80ebebe0  r6 b6bbfe49  r7 bea57854
01-17 23:30:51.374  1966  1966 F DEBUG   :     r8 bea57858  r9 00000000  sl 00000000  fp bea57a5c
01-17 23:30:51.374  1966  1966 F DEBUG   :     ip 7f63ff98  sp bea57850  lr 7f63c17b  pc b6bed31c  cpsr 000f0030
01-17 23:30:51.376  1966  1966 F DEBUG   : 
01-17 23:30:51.376  1966  1966 F DEBUG   : backtrace:
01-17 23:30:51.376  1966  1966 F DEBUG   :     #00 pc 0000e31c  /system/lib/libutils.so (_ZNK7android7RefBase9incStrongEPKv+7)
01-17 23:30:51.376  1966  1966 F DEBUG   :     #01 pc 00002177  /system/bin/mediaserver
01-17 23:30:51.376  1966  1966 F DEBUG   :     #02 pc 000019f7  /system/bin/mediaserver
01-17 23:30:51.376  1966  1966 F DEBUG   :     #03 pc 000157d5  /system/lib/libc.so (__libc_init+52)
01-17 23:30:51.376  1966  1966 F DEBUG   :     #04 pc 00001840  /system/bin/mediaserver


01-17 23:31:50.414   462   588 E AudioDaemon: Sleeping for 100 ms
01-17 23:31:50.430   403   403 I SDM     : HWCDisplayPrimary::ProcessBootAnimCompleted: ProcessBootAnimCompleted: cryptostate= unencrypted
01-17 23:31:50.447   403   403 I SDM     : HWCDisplayPrimary::ProcessBootAnimCompleted: ProcessBootAnimCompleted: cryptostate= unencrypted
01-17 23:31:50.464   403   403 I SDM     : HWCDisplayPrimary::ProcessBootAnimCompleted: ProcessBootAnimCompleted: cryptostate= unencrypted
01-17 23:31:50.480   403   403 I SDM     : HWCDisplayPrimary::ProcessBootAnimCompleted: ProcessBootAnimCompleted: cryptostate= unencrypted
01-17 23:31:50.497   403   403 I SDM     : HWCDisplayPrimary::ProcessBootAnimCompleted: ProcessBootAnimCompleted: cryptostate= unencrypted
01-17 23:31:50.514   403   403 I SDM     : HWCDisplayPrimary::ProcessBootAnimCompleted: ProcessBootAnimCompleted: cryptostate= unencrypted
01-17 23:31:50.515   462   588 D AudioDaemon: Opening sound card state : /proc/asound/card---/state
01-17 23:31:50.515   462   588 E AudioDaemon: Open /proc/asound/card---/state failed : No such file or directory
01-17 23:31:50.515   462   588 V AudioDaemon: bool android::AudioDaemon::getStateFDs(std::vector<std::pair<int, int> > &): 0 sound cards detected
01-17 23:31:50.515   462   588 E AudioDaemon: Sleeping for 100 ms
