01-17 23:26:31.983 29931 29931 E AndroidRuntime: *** FATAL EXCEPTION IN SYSTEM PROCESS: main
01-17 23:26:31.983 29931 29931 E AndroidRuntime: java.lang.NullPointerException: Attempt to invoke virtual method 'void com.android.server.wm.WindowManagerService.updateBootProgress(int, android.content.pm.ApplicationInfo, int, int, boolean)' on a null object reference
01-17 23:26:31.983 29931 29931 E AndroidRuntime: 	at com.android.server.am.ActivityManagerService.updateBootProgress(ActivityManagerService.java:6589)
01-17 23:26:31.983 29931 29931 E AndroidRuntime: 	at com.android.server.SystemServer.startOtherServices(SystemServer.java:624)
01-17 23:26:31.983 29931 29931 E AndroidRuntime: 	at com.android.server.SystemServer.run(SystemServer.java:291)
01-17 23:26:31.983 29931 29931 E AndroidRuntime: 	at com.android.server.SystemServer.main(SystemServer.java:176)
01-17 23:26:31.983 29931 29931 E AndroidRuntime: 	at java.lang.reflect.Method.invoke(Native Method)
01-17 23:26:31.983 29931 29931 E AndroidRuntime: 	at com.android.internal.os.ZygoteInit$MethodAndArgsCaller.run(ZygoteInit.java:726)
01-17 23:26:31.983 29931 29931 E AndroidRuntime: 	at com.android.internal.os.ZygoteInit.main(ZygoteInit.java:616)
01-17 23:26:36.450 30390 30390 F libc    : Fatal signal 11 (SIGSEGV), code 1, fault addr 0x4 in tid 30390 (mediaserver)
01-17 23:26:36.501  1966  1966 F DEBUG   : *** *** *** *** *** *** *** *** *** *** *** *** *** *** *** ***
01-17 23:26:36.501  1966  1966 F DEBUG   : LineageOS Version: '13.0-20170519-UNOFFICIAL-land'
01-17 23:26:36.501  1966  1966 F DEBUG   : Build fingerprint: 'Xiaomi/land/land:6.0.1/MMB29M/7.3.16:user/release-keys'
01-17 23:26:36.501  1966  1966 F DEBUG   : Revision: '0'
01-17 23:26:36.501  1966  1966 F DEBUG   : ABI: 'arm'
01-17 23:26:36.501  1966  1966 F DEBUG   : pid: 30390, tid: 30390, name: mediaserver  >>> /system/bin/mediaserver <<<
01-17 23:26:36.501  1966  1966 F DEBUG   : signal 11 (SIGSEGV), code 1 (SEGV_MAPERR), fault addr 0x4
01-17 23:26:36.512  1966  1966 F DEBUG   :     r0 00000000  r1 00000004  r2 00000000  r3 b6ea9c30
01-17 23:26:36.512  1966  1966 F DEBUG   :     r4 00000000  r5 7fcd0be0  r6 b6b47e49  r7 beb85854
01-17 23:26:36.512  1966  1966 F DEBUG   :     r8 beb85858  r9 00000000  sl 00000000  fp beb85a5c
01-17 23:26:36.512  1966  1966 F DEBUG   :     ip 7f619f98  sp beb85850  lr 7f61617b  pc b6b7531c  cpsr 000f0030
01-17 23:26:36.515  1966  1966 F DEBUG   : 
01-17 23:26:36.515  1966  1966 F DEBUG   : backtrace:
01-17 23:26:36.515  1966  1966 F DEBUG   :     #00 pc 0000e31c  /system/lib/libutils.so (_ZNK7android7RefBase9incStrongEPKv+7)
01-17 23:26:36.515  1966  1966 F DEBUG   :     #01 pc 00002177  /system/bin/mediaserver
01-17 23:26:36.515  1966  1966 F DEBUG   :     #02 pc 000019f7  /system/bin/mediaserver
01-17 23:26:36.515  1966  1966 F DEBUG   :     #03 pc 000157d5  /system/lib/libc.so (__libc_init+52)
01-17 23:26:36.515  1966  1966 F DEBUG   :     #04 pc 00001840  /system/bin/mediaserver
01-17 23:26:36.618  1966  1966 F DEBUG   : 
01-17 23:26:36.618  1966  1966 F DEBUG   : Tombstone written to: /data/tombstones/tombstone_03
01-17 23:26:42.000 30476 30476 F libc    : Fatal signal 11 (SIGSEGV), code 1, fault addr 0x4 in tid 30476 (mediaserver)
01-17 23:26:42.053  1966  1966 F DEBUG   : *** *** *** *** *** *** *** *** *** *** *** *** *** *** *** ***
01-17 23:26:42.054  1966  1966 F DEBUG   : LineageOS Version: '13.0-20170519-UNOFFICIAL-land'
01-17 23:26:42.054  1966  1966 F DEBUG   : Build fingerprint: 'Xiaomi/land/land:6.0.1/MMB29M/7.3.16:user/release-keys'
01-17 23:26:42.054  1966  1966 F DEBUG   : Revision: '0'
01-17 23:26:42.054  1966  1966 F DEBUG   : ABI: 'arm'
01-17 23:26:42.054  1966  1966 F DEBUG   : pid: 30476, tid: 30476, name: mediaserver  >>> /system/bin/mediaserver <<<
01-17 23:26:42.054  1966  1966 F DEBUG   : signal 11 (SIGSEGV), code 1 (SEGV_MAPERR), fault addr 0x4
01-17 23:26:42.061  1966  1966 F DEBUG   :     r0 00000000  r1 00000004  r2 00000000  r3 b6e87c30
01-17 23:26:42.061  1966  1966 F DEBUG   :     r4 00000000  r5 7f71cbe0  r6 b6b25e49  r7 bec71854
01-17 23:26:42.061  1966  1966 F DEBUG   :     r8 bec71858  r9 00000000  sl 00000000  fp bec71a5c
01-17 23:26:42.061  1966  1966 F DEBUG   :     ip 7f55cf98  sp bec71850  lr 7f55917b  pc b6b5331c  cpsr 000f0030
01-17 23:26:42.070  1966  1966 F DEBUG   : 
01-17 23:26:42.070  1966  1966 F DEBUG   : backtrace:
01-17 23:26:42.070  1966  1966 F DEBUG   :     #00 pc 0000e31c  /system/lib/libutils.so (_ZNK7android7RefBase9incStrongEPKv+7)
01-17 23:26:42.070  1966  1966 F DEBUG   :     #01 pc 00002177  /system/bin/mediaserver
01-17 23:26:42.070  1966  1966 F DEBUG   :     #02 pc 000019f7  /system/bin/mediaserver
01-17 23:26:42.070  1966  1966 F DEBUG   :     #03 pc 000157d5  /system/lib/libc.so (__libc_init+52)
01-17 23:26:42.070  1966  1966 F DEBUG   :     #04 pc 00001840  /system/bin/mediaserver
01-17 23:26:42.188  1966  1966 F DEBUG   : 
01-17 23:26:42.188  1966  1966 F DEBUG   : Tombstone written to: /data/tombstones/tombstone_04
01-17 23:26:46.484 30575 30575 F libc    : Fatal signal 11 (SIGSEGV), code 1, fault addr 0x4 in tid 30575 (mediaserver)
01-17 23:26:46.536  1966  1966 F DEBUG   : *** *** *** *** *** *** *** *** *** *** *** *** *** *** *** ***
01-17 23:26:46.536  1966  1966 F DEBUG   : LineageOS Version: '13.0-20170519-UNOFFICIAL-land'
01-17 23:26:46.536  1966  1966 F DEBUG   : Build fingerprint: 'Xiaomi/land/land:6.0.1/MMB29M/7.3.16:user/release-keys'
01-17 23:26:46.536  1966  1966 F DEBUG   : Revision: '0'
01-17 23:26:46.536  1966  1966 F DEBUG   : ABI: 'arm'
01-17 23:26:46.536  1966  1966 F DEBUG   : pid: 30575, tid: 30575, name: mediaserver  >>> /system/bin/mediaserver <<<
01-17 23:26:46.536  1966  1966 F DEBUG   : signal 11 (SIGSEGV), code 1 (SEGV_MAPERR), fault addr 0x4
01-17 23:26:46.541  1966  1966 F DEBUG   :     r0 00000000  r1 00000004  r2 00000000  r3 b6e90c30
01-17 23:26:46.542  1966  1966 F DEBUG   :     r4 00000000  r5 7fe11be0  r6 b6b2ee49  r7 befca854
01-17 23:26:46.542  1966  1966 F DEBUG   :     r8 befca858  r9 00000000  sl 00000000  fp befcaa5c
01-17 23:26:46.542  1966  1966 F DEBUG   :     ip 7f5f9f98  sp befca850  lr 7f5f617b  pc b6b5c31c  cpsr 000f0030
01-17 23:26:46.548  1966  1966 F DEBUG   : 
01-17 23:26:46.548  1966  1966 F DEBUG   : backtrace:
01-17 23:26:46.548  1966  1966 F DEBUG   :     #00 pc 0000e31c  /system/lib/libutils.so (_ZNK7android7RefBase9incStrongEPKv+7)
01-17 23:26:46.548  1966  1966 F DEBUG   :     #01 pc 00002177  /system/bin/mediaserver
01-17 23:26:46.548  1966  1966 F DEBUG   :     #02 pc 000019f7  /system/bin/mediaserver
01-17 23:26:46.548  1966  1966 F DEBUG   :     #03 pc 000157d5  /system/lib/libc.so (__libc_init+52)
01-17 23:26:46.549  1966  1966 F DEBUG   :     #04 pc 00001840  /system/bin/mediaserver
01-17 23:26:46.653  1966  1966 F DEBUG   : 
01-17 23:26:46.653  1966  1966 F DEBUG   : Tombstone written to: /data/tombstones/tombstone_05
01-17 23:26:51.998 30718 30718 F libc    : Fatal signal 11 (SIGSEGV), code 1, fault addr 0x4 in tid 30718 (mediaserver)
01-17 23:26:52.049  1966  1966 F DEBUG   : *** *** *** *** *** *** *** *** *** *** *** *** *** *** *** ***
01-17 23:26:52.049  1966  1966 F DEBUG   : LineageOS Version: '13.0-20170519-UNOFFICIAL-land'
01-17 23:26:52.049  1966  1966 F DEBUG   : Build fingerprint: 'Xiaomi/land/land:6.0.1/MMB29M/7.3.16:user/release-keys'
01-17 23:26:52.049  1966  1966 F DEBUG   : Revision: '0'
01-17 23:26:52.049  1966  1966 F DEBUG   : ABI: 'arm'
01-17 23:26:52.050  1966  1966 F DEBUG   : pid: 30718, tid: 30718, name: mediaserver  >>> /system/bin/mediaserver <<<
01-17 23:26:52.050  1966  1966 F DEBUG   : signal 11 (SIGSEGV), code 1 (SEGV_MAPERR), fault addr 0x4
01-17 23:26:52.055  1966  1966 F DEBUG   :     r0 00000000  r1 00000004  r2 00000000  r3 b6e36c30
01-17 23:26:52.055  1966  1966 F DEBUG   :     r4 00000000  r5 7f79dbe0  r6 b6ad4e49  r7 be978854
01-17 23:26:52.055  1966  1966 F DEBUG   :     r8 be978858  r9 00000000  sl 00000000  fp be978a5c
01-17 23:26:52.056  1966  1966 F DEBUG   :     ip 7f613f98  sp be978850  lr 7f61017b  pc b6b0231c  cpsr 000f0030
01-17 23:26:52.058  1966  1966 F DEBUG   : 
01-17 23:26:52.058  1966  1966 F DEBUG   : backtrace:
01-17 23:26:52.058  1966  1966 F DEBUG   :     #00 pc 0000e31c  /system/lib/libutils.so (_ZNK7android7RefBase9incStrongEPKv+7)
01-17 23:26:52.058  1966  1966 F DEBUG   :     #01 pc 00002177  /system/bin/mediaserver
01-17 23:26:52.058  1966  1966 F DEBUG   :     #02 pc 000019f7  /system/bin/mediaserver
01-17 23:26:52.058  1966  1966 F DEBUG   :     #03 pc 000157d5  /system/lib/libc.so (__libc_init+52)
01-17 23:26:52.058  1966  1966 F DEBUG   :     #04 pc 00001840  /system/bin/mediaserver
01-17 23:26:52.207  1966  1966 F DEBUG   : 
01-17 23:26:52.207  1966  1966 F DEBUG   : Tombstone written to: /data/tombstones/tombstone_06
01-17 23:26:56.608 30788 30788 F libc    : Fatal signal 11 (SIGSEGV), code 1, fault addr 0x4 in tid 30788 (mediaserver)
01-17 23:26:56.709  1966  1966 F DEBUG   : *** *** *** *** *** *** *** *** *** *** *** *** *** *** *** ***
01-17 23:26:56.710  1966  1966 F DEBUG   : LineageOS Version: '13.0-20170519-UNOFFICIAL-land'
01-17 23:26:56.710  1966  1966 F DEBUG   : Build fingerprint: 'Xiaomi/land/land:6.0.1/MMB29M/7.3.16:user/release-keys'
01-17 23:26:56.710  1966  1966 F DEBUG   : Revision: '0'
01-17 23:26:56.710  1966  1966 F DEBUG   : ABI: 'arm'
01-17 23:26:56.710  1966  1966 F DEBUG   : pid: 30788, tid: 30788, name: mediaserver  >>> /system/bin/mediaserver <<<
01-17 23:26:56.710  1966  1966 F DEBUG   : signal 11 (SIGSEGV), code 1 (SEGV_MAPERR), fault addr 0x4
01-17 23:26:56.718  1966  1966 F DEBUG   :     r0 00000000  r1 00000004  r2 00000000  r3 b6f02c30
01-17 23:26:56.718  1966  1966 F DEBUG   :     r4 00000000  r5 80645be0  r6 b6ba0e49  r7 befae854
01-17 23:26:56.718  1966  1966 F DEBUG   :     r8 befae858  r9 00000000  sl 00000000  fp befaea5c
01-17 23:26:56.718  1966  1966 F DEBUG   :     ip 7f5f9f98  sp befae850  lr 7f5f617b  pc b6bce31c  cpsr 000f0030
01-17 23:26:56.721  1966  1966 F DEBUG   : 
01-17 23:26:56.721  1966  1966 F DEBUG   : backtrace:
01-17 23:26:56.722  1966  1966 F DEBUG   :     #00 pc 0000e31c  /system/lib/libutils.so (_ZNK7android7RefBase9incStrongEPKv+7)
01-17 23:26:56.722  1966  1966 F DEBUG   :     #01 pc 00002177  /system/bin/mediaserver
01-17 23:26:56.722  1966  1966 F DEBUG   :     #02 pc 000019f7  /system/bin/mediaserver
01-17 23:26:56.722  1966  1966 F DEBUG   :     #03 pc 000157d5  /system/lib/libc.so (__libc_init+52)
01-17 23:26:56.722  1966  1966 F DEBUG   :     #04 pc 00001840  /system/bin/mediaserver
01-17 23:26:56.845  1966  1966 F DEBUG   : 
01-17 23:26:56.845  1966  1966 F DEBUG   : Tombstone written to: /data/tombstones/tombstone_07
01-17 23:26:58.942 30339 30339 E AndroidRuntime: *** FATAL EXCEPTION IN SYSTEM PROCESS: main
01-17 23:26:58.942 30339 30339 E AndroidRuntime: java.lang.NullPointerException: Attempt to invoke virtual method 'void com.android.server.wm.WindowManagerService.updateBootProgress(int, android.content.pm.ApplicationInfo, int, int, boolean)' on a null object reference
01-17 23:26:58.942 30339 30339 E AndroidRuntime: 	at com.android.server.am.ActivityManagerService.updateBootProgress(ActivityManagerService.java:6589)
01-17 23:26:58.942 30339 30339 E AndroidRuntime: 	at com.android.server.SystemServer.startOtherServices(SystemServer.java:624)
01-17 23:26:58.942 30339 30339 E AndroidRuntime: 	at com.android.server.SystemServer.run(SystemServer.java:291)
01-17 23:26:58.942 30339 30339 E AndroidRuntime: 	at com.android.server.SystemServer.main(SystemServer.java:176)
01-17 23:26:58.942 30339 30339 E AndroidRuntime: 	at java.lang.reflect.Method.invoke(Native Method)
01-17 23:26:58.942 30339 30339 E AndroidRuntime: 	at com.android.internal.os.ZygoteInit$MethodAndArgsCaller.run(ZygoteInit.java:726)
01-17 23:26:58.942 30339 30339 E AndroidRuntime: 	at com.android.internal.os.ZygoteInit.main(ZygoteInit.java:616)
01-17 23:27:01.204 30931 30931 F libc    : Fatal signal 11 (SIGSEGV), code 1, fault addr 0x4 in tid 30931 (mediaserver)
01-17 23:27:01.256  1966  1966 F DEBUG   : *** *** *** *** *** *** *** *** *** *** *** *** *** *** *** ***
01-17 23:27:01.256  1966  1966 F DEBUG   : LineageOS Version: '13.0-20170519-UNOFFICIAL-land'
01-17 23:27:01.256  1966  1966 F DEBUG   : Build fingerprint: 'Xiaomi/land/land:6.0.1/MMB29M/7.3.16:user/release-keys'
01-17 23:27:01.256  1966  1966 F DEBUG   : Revision: '0'
01-17 23:27:01.256  1966  1966 F DEBUG   : ABI: 'arm'
01-17 23:27:01.257  1966  1966 F DEBUG   : pid: 30931, tid: 30931, name: mediaserver  >>> /system/bin/mediaserver <<<
01-17 23:27:01.257  1966  1966 F DEBUG   : signal 11 (SIGSEGV), code 1 (SEGV_MAPERR), fault addr 0x4
01-17 23:27:01.262  1966  1966 F DEBUG   :     r0 00000000  r1 00000004  r2 00000000  r3 b6f20c30
01-17 23:27:01.262  1966  1966 F DEBUG   :     r4 00000000  r5 80898be0  r6 b6bbee49  r7 bed68854
01-17 23:27:01.262  1966  1966 F DEBUG   :     r8 bed68858  r9 00000000  sl 00000000  fp bed68a5c
01-17 23:27:01.262  1966  1966 F DEBUG   :     ip 7f56cf98  sp bed68850  lr 7f56917b  pc b6bec31c  cpsr 000f0030
01-17 23:27:01.265  1966  1966 F DEBUG   : 
01-17 23:27:01.265  1966  1966 F DEBUG   : backtrace:
01-17 23:27:01.265  1966  1966 F DEBUG   :     #00 pc 0000e31c  /system/lib/libutils.so (_ZNK7android7RefBase9incStrongEPKv+7)
01-17 23:27:01.265  1966  1966 F DEBUG   :     #01 pc 00002177  /system/bin/mediaserver
01-17 23:27:01.265  1966  1966 F DEBUG   :     #02 pc 000019f7  /system/bin/mediaserver
01-17 23:27:01.265  1966  1966 F DEBUG   :     #03 pc 000157d5  /system/lib/libc.so (__libc_init+52)
01-17 23:27:01.265  1966  1966 F DEBUG   :     #04 pc 00001840  /system/bin/mediaserver
01-17 23:27:01.382  1966  1966 F DEBUG   : 
01-17 23:27:01.382  1966  1966 F DEBUG   : Tombstone written to: /data/tombstones/tombstone_08
01-17 23:27:03.940 30914 30914 E AndroidRuntime: *** FATAL EXCEPTION IN SYSTEM PROCESS: main
01-17 23:27:03.940 30914 30914 E AndroidRuntime: java.lang.NullPointerException: Attempt to invoke virtual method 'void com.android.server.wm.WindowManagerService.updateBootProgress(int, android.content.pm.ApplicationInfo, int, int, boolean)' on a null object reference
01-17 23:27:03.940 30914 30914 E AndroidRuntime: 	at com.android.server.am.ActivityManagerService.updateBootProgress(ActivityManagerService.java:6589)
01-17 23:27:03.940 30914 30914 E AndroidRuntime: 	at com.android.server.SystemServer.startOtherServices(SystemServer.java:624)
01-17 23:27:03.940 30914 30914 E AndroidRuntime: 	at com.android.server.SystemServer.run(SystemServer.java:291)
01-17 23:27:03.940 30914 30914 E AndroidRuntime: 	at com.android.server.SystemServer.main(SystemServer.java:176)
01-17 23:27:03.940 30914 30914 E AndroidRuntime: 	at java.lang.reflect.Method.invoke(Native Method)
01-17 23:27:03.940 30914 30914 E AndroidRuntime: 	at com.android.internal.os.ZygoteInit$MethodAndArgsCaller.run(ZygoteInit.java:726)
01-17 23:27:03.940 30914 30914 E AndroidRuntime: 	at com.android.internal.os.ZygoteInit.main(ZygoteInit.java:616)
01-17 23:27:06.153 31232 31232 F libc    : Fatal signal 11 (SIGSEGV), code 1, fault addr 0x4 in tid 31232 (mediaserver)
01-17 23:27:06.204  1966  1966 F DEBUG   : *** *** *** *** *** *** *** *** *** *** *** *** *** *** *** ***
01-17 23:27:06.205  1966  1966 F DEBUG   : LineageOS Version: '13.0-20170519-UNOFFICIAL-land'
01-17 23:27:06.205  1966  1966 F DEBUG   : Build fingerprint: 'Xiaomi/land/land:6.0.1/MMB29M/7.3.16:user/release-keys'
01-17 23:27:06.205  1966  1966 F DEBUG   : Revision: '0'
01-17 23:27:06.205  1966  1966 F DEBUG   : ABI: 'arm'
01-17 23:27:06.205  1966  1966 F DEBUG   : pid: 31232, tid: 31232, name: mediaserver  >>> /system/bin/mediaserver <<<
01-17 23:27:06.205  1966  1966 F DEBUG   : signal 11 (SIGSEGV), code 1 (SEGV_MAPERR), fault addr 0x4
01-17 23:27:06.211  1966  1966 F DEBUG   :     r0 00000000  r1 00000004  r2 00000000  r3 b6edac30
01-17 23:27:06.211  1966  1966 F DEBUG   :     r4 00000000  r5 7fa14be0  r6 b6b78e49  r7 bea84854
01-17 23:27:06.211  1966  1966 F DEBUG   :     r8 bea84858  r9 00000000  sl 00000000  fp bea84a5c
01-17 23:27:06.211  1966  1966 F DEBUG   :     ip 7f5f8f98  sp bea84850  lr 7f5f517b  pc b6ba631c  cpsr 000f0030
01-17 23:27:06.213  1966  1966 F DEBUG   : 
01-17 23:27:06.213  1966  1966 F DEBUG   : backtrace:
01-17 23:27:06.214  1966  1966 F DEBUG   :     #00 pc 0000e31c  /system/lib/libutils.so (_ZNK7android7RefBase9incStrongEPKv+7)
01-17 23:27:06.214  1966  1966 F DEBUG   :     #01 pc 00002177  /system/bin/mediaserver
01-17 23:27:06.214  1966  1966 F DEBUG   :     #02 pc 000019f7  /system/bin/mediaserver
01-17 23:27:06.214  1966  1966 F DEBUG   :     #03 pc 000157d5  /system/lib/libc.so (__libc_init+52)
01-17 23:27:06.214  1966  1966 F DEBUG   :     #04 pc 00001840  /system/bin/mediaserver
01-17 23:27:06.336  1966  1966 F DEBUG   : 
01-17 23:27:06.336  1966  1966 F DEBUG   : Tombstone written to: /data/tombstones/tombstone_09
01-17 23:27:08.849 31215 31215 E AndroidRuntime: *** FATAL EXCEPTION IN SYSTEM PROCESS: main
01-17 23:27:08.849 31215 31215 E AndroidRuntime: java.lang.NullPointerException: Attempt to invoke virtual method 'void com.android.server.wm.WindowManagerService.updateBootProgress(int, android.content.pm.ApplicationInfo, int, int, boolean)' on a null object reference
01-17 23:27:08.849 31215 31215 E AndroidRuntime: 	at com.android.server.am.ActivityManagerService.updateBootProgress(ActivityManagerService.java:6589)
01-17 23:27:08.849 31215 31215 E AndroidRuntime: 	at com.android.server.SystemServer.startOtherServices(SystemServer.java:624)
01-17 23:27:08.849 31215 31215 E AndroidRuntime: 	at com.android.server.SystemServer.run(SystemServer.java:291)
01-17 23:27:08.849 31215 31215 E AndroidRuntime: 	at com.android.server.SystemServer.main(SystemServer.java:176)
01-17 23:27:08.849 31215 31215 E AndroidRuntime: 	at java.lang.reflect.Method.invoke(Native Method)
01-17 23:27:08.849 31215 31215 E AndroidRuntime: 	at com.android.internal.os.ZygoteInit$MethodAndArgsCaller.run(ZygoteInit.java:726)
01-17 23:27:08.849 31215 31215 E AndroidRuntime: 	at com.android.internal.os.ZygoteInit.main(ZygoteInit.java:616)
01-17 23:27:12.090 31597 31597 F libc    : Fatal signal 11 (SIGSEGV), code 1, fault addr 0x4 in tid 31597 (mediaserver)
01-17 23:27:12.141  1966  1966 F DEBUG   : *** *** *** *** *** *** *** *** *** *** *** *** *** *** *** ***
01-17 23:27:12.141  1966  1966 F DEBUG   : LineageOS Version: '13.0-20170519-UNOFFICIAL-land'
01-17 23:27:12.141  1966  1966 F DEBUG   : Build fingerprint: 'Xiaomi/land/land:6.0.1/MMB29M/7.3.16:user/release-keys'
01-17 23:27:12.141  1966  1966 F DEBUG   : Revision: '0'
01-17 23:27:12.141  1966  1966 F DEBUG   : ABI: 'arm'
01-17 23:27:12.141  1966  1966 F DEBUG   : pid: 31597, tid: 31597, name: mediaserver  >>> /system/bin/mediaserver <<<
01-17 23:27:12.141  1966  1966 F DEBUG   : signal 11 (SIGSEGV), code 1 (SEGV_MAPERR), fault addr 0x4
01-17 23:27:12.147  1966  1966 F DEBUG   :     r0 00000000  r1 00000004  r2 00000000  r3 b6f19c30
01-17 23:27:12.147  1966  1966 F DEBUG   :     r4 00000000  r5 81194be0  r6 b6bb7e49  r7 beb66854
01-17 23:27:12.147  1966  1966 F DEBUG   :     r8 beb66858  r9 00000000  sl 00000000  fp beb66a5c
01-17 23:27:12.147  1966  1966 F DEBUG   :     ip 7f5f8f98  sp beb66850  lr 7f5f517b  pc b6be531c  cpsr 000f0030
01-17 23:27:12.153  1966  1966 F DEBUG   : 
01-17 23:27:12.153  1966  1966 F DEBUG   : backtrace:
01-17 23:27:12.153  1966  1966 F DEBUG   :     #00 pc 0000e31c  /system/lib/libutils.so (_ZNK7android7RefBase9incStrongEPKv+7)
01-17 23:27:12.153  1966  1966 F DEBUG   :     #01 pc 00002177  /system/bin/mediaserver
01-17 23:27:12.153  1966  1966 F DEBUG   :     #02 pc 000019f7  /system/bin/mediaserver
01-17 23:27:12.153  1966  1966 F DEBUG   :     #03 pc 000157d5  /system/lib/libc.so (__libc_init+52)
01-17 23:27:12.153  1966  1966 F DEBUG   :     #04 pc 00001840  /system/bin/mediaserver
01-17 23:27:12.293  1966  1966 F DEBUG   : 
01-17 23:27:12.293  1966  1966 F DEBUG   : Tombstone written to: /data/tombstones/tombstone_00
01-17 23:27:14.680 31510 31510 E AndroidRuntime: *** FATAL EXCEPTION IN SYSTEM PROCESS: main
01-17 23:27:14.680 31510 31510 E AndroidRuntime: java.lang.NullPointerException: Attempt to invoke virtual method 'void com.android.server.wm.WindowManagerService.updateBootProgress(int, android.content.pm.ApplicationInfo, int, int, boolean)' on a null object reference
01-17 23:27:14.680 31510 31510 E AndroidRuntime: 	at com.android.server.am.ActivityManagerService.updateBootProgress(ActivityManagerService.java:6589)
01-17 23:27:14.680 31510 31510 E AndroidRuntime: 	at com.android.server.SystemServer.startOtherServices(SystemServer.java:624)
01-17 23:27:14.680 31510 31510 E AndroidRuntime: 	at com.android.server.SystemServer.run(SystemServer.java:291)
01-17 23:27:14.680 31510 31510 E AndroidRuntime: 	at com.android.server.SystemServer.main(SystemServer.java:176)
01-17 23:27:14.680 31510 31510 E AndroidRuntime: 	at java.lang.reflect.Method.invoke(Native Method)
01-17 23:27:14.680 31510 31510 E AndroidRuntime: 	at com.android.internal.os.ZygoteInit$MethodAndArgsCaller.run(ZygoteInit.java:726)
01-17 23:27:14.680 31510 31510 E AndroidRuntime: 	at com.android.internal.os.ZygoteInit.main(ZygoteInit.java:616)
01-17 23:27:16.100 31795 31795 F libc    : Fatal signal 11 (SIGSEGV), code 1, fault addr 0x4 in tid 31795 (mediaserver)
01-17 23:27:16.154  1966  1966 F DEBUG   : *** *** *** *** *** *** *** *** *** *** *** *** *** *** *** ***
01-17 23:27:16.154  1966  1966 F DEBUG   : LineageOS Version: '13.0-20170519-UNOFFICIAL-land'
01-17 23:27:16.154  1966  1966 F DEBUG   : Build fingerprint: 'Xiaomi/land/land:6.0.1/MMB29M/7.3.16:user/release-keys'
01-17 23:27:16.154  1966  1966 F DEBUG   : Revision: '0'
01-17 23:27:16.154  1966  1966 F DEBUG   : ABI: 'arm'
01-17 23:27:16.154  1966  1966 F DEBUG   : pid: 31795, tid: 31795, name: mediaserver  >>> /system/bin/mediaserver <<<
01-17 23:27:16.154  1966  1966 F DEBUG   : signal 11 (SIGSEGV), code 1 (SEGV_MAPERR), fault addr 0x4
01-17 23:27:16.160  1966  1966 F DEBUG   :     r0 00000000  r1 00000004  r2 00000000  r3 b6eddc30
01-17 23:27:16.160  1966  1966 F DEBUG   :     r4 00000000  r5 7f8a4be0  r6 b6b7be49  r7 bebdd854
01-17 23:27:16.160  1966  1966 F DEBUG   :     r8 bebdd858  r9 00000000  sl 00000000  fp bebdda5c
01-17 23:27:16.160  1966  1966 F DEBUG   :     ip 7f599f98  sp bebdd850  lr 7f59617b  pc b6ba931c  cpsr 000f0030
01-17 23:27:16.162  1966  1966 F DEBUG   : 
01-17 23:27:16.162  1966  1966 F DEBUG   : backtrace:
01-17 23:27:16.162  1966  1966 F DEBUG   :     #00 pc 0000e31c  /system/lib/libutils.so (_ZNK7android7RefBase9incStrongEPKv+7)
01-17 23:27:16.162  1966  1966 F DEBUG   :     #01 pc 00002177  /system/bin/mediaserver
01-17 23:27:16.162  1966  1966 F DEBUG   :     #02 pc 000019f7  /system/bin/mediaserver
01-17 23:27:16.162  1966  1966 F DEBUG   :     #03 pc 000157d5  /system/lib/libc.so (__libc_init+52)
01-17 23:27:16.162  1966  1966 F DEBUG   :     #04 pc 00001840  /system/bin/mediaserver
01-17 23:27:16.271  1966  1966 F DEBUG   : 
01-17 23:27:16.271  1966  1966 F DEBUG   : Tombstone written to: /data/tombstones/tombstone_01
01-17 23:27:20.690 31840 31840 E AndroidRuntime: *** FATAL EXCEPTION IN SYSTEM PROCESS: main
01-17 23:27:20.690 31840 31840 E AndroidRuntime: java.lang.NullPointerException: Attempt to invoke virtual method 'void com.android.server.wm.WindowManagerService.updateBootProgress(int, android.content.pm.ApplicationInfo, int, int, boolean)' on a null object reference
01-17 23:27:20.690 31840 31840 E AndroidRuntime: 	at com.android.server.am.ActivityManagerService.updateBootProgress(ActivityManagerService.java:6589)
01-17 23:27:20.690 31840 31840 E AndroidRuntime: 	at com.android.server.SystemServer.startOtherServices(SystemServer.java:624)
01-17 23:27:20.690 31840 31840 E AndroidRuntime: 	at com.android.server.SystemServer.run(SystemServer.java:291)
01-17 23:27:20.690 31840 31840 E AndroidRuntime: 	at com.android.server.SystemServer.main(SystemServer.java:176)
01-17 23:27:20.690 31840 31840 E AndroidRuntime: 	at java.lang.reflect.Method.invoke(Native Method)
01-17 23:27:20.690 31840 31840 E AndroidRuntime: 	at com.android.internal.os.ZygoteInit$MethodAndArgsCaller.run(ZygoteInit.java:726)
01-17 23:27:20.690 31840 31840 E AndroidRuntime: 	at com.android.internal.os.ZygoteInit.main(ZygoteInit.java:616)
01-17 23:27:21.095 32066 32066 F libc    : Fatal signal 11 (SIGSEGV), code 1, fault addr 0x4 in tid 32066 (mediaserver)
01-17 23:27:21.147  1966  1966 F DEBUG   : *** *** *** *** *** *** *** *** *** *** *** *** *** *** *** ***
01-17 23:27:21.147  1966  1966 F DEBUG   : LineageOS Version: '13.0-20170519-UNOFFICIAL-land'
01-17 23:27:21.147  1966  1966 F DEBUG   : Build fingerprint: 'Xiaomi/land/land:6.0.1/MMB29M/7.3.16:user/release-keys'
01-17 23:27:21.147  1966  1966 F DEBUG   : Revision: '0'
01-17 23:27:21.147  1966  1966 F DEBUG   : ABI: 'arm'
01-17 23:27:21.147  1966  1966 F DEBUG   : pid: 32066, tid: 32066, name: mediaserver  >>> /system/bin/mediaserver <<<
01-17 23:27:21.147  1966  1966 F DEBUG   : signal 11 (SIGSEGV), code 1 (SEGV_MAPERR), fault addr 0x4
01-17 23:27:21.153  1966  1966 F DEBUG   :     r0 00000000  r1 00000004  r2 00000000  r3 b6e72c30
01-17 23:27:21.153  1966  1966 F DEBUG   :     r4 00000000  r5 80482be0  r6 b6b10e49  r7 bef00854
01-17 23:27:21.153  1966  1966 F DEBUG   :     r8 bef00858  r9 00000000  sl 00000000  fp bef00a5c
01-17 23:27:21.153  1966  1966 F DEBUG   :     ip 7f63ef98  sp bef00850  lr 7f63b17b  pc b6b3e31c  cpsr 000f0030
01-17 23:27:21.155  1966  1966 F DEBUG   : 
01-17 23:27:21.155  1966  1966 F DEBUG   : backtrace:
01-17 23:27:21.155  1966  1966 F DEBUG   :     #00 pc 0000e31c  /system/lib/libutils.so (_ZNK7android7RefBase9incStrongEPKv+7)
01-17 23:27:21.155  1966  1966 F DEBUG   :     #01 pc 00002177  /system/bin/mediaserver
01-17 23:27:21.155  1966  1966 F DEBUG   :     #02 pc 000019f7  /system/bin/mediaserver
01-17 23:27:21.155  1966  1966 F DEBUG   :     #03 pc 000157d5  /system/lib/libc.so (__libc_init+52)
01-17 23:27:21.156  1966  1966 F DEBUG   :     #04 pc 00001840  /system/bin/mediaserver
01-17 23:27:21.267  1966  1966 F DEBUG   : 
01-17 23:27:21.267  1966  1966 F DEBUG   : Tombstone written to: /data/tombstones/tombstone_02
01-17 23:27:26.727 32377 32377 F libc    : Fatal signal 11 (SIGSEGV), code 1, fault addr 0x4 in tid 32377 (mediaserver)
01-17 23:27:26.779  1966  1966 F DEBUG   : *** *** *** *** *** *** *** *** *** *** *** *** *** *** *** ***
01-17 23:27:26.779  1966  1966 F DEBUG   : LineageOS Version: '13.0-20170519-UNOFFICIAL-land'
01-17 23:27:26.779  1966  1966 F DEBUG   : Build fingerprint: 'Xiaomi/land/land:6.0.1/MMB29M/7.3.16:user/release-keys'
01-17 23:27:26.779  1966  1966 F DEBUG   : Revision: '0'
01-17 23:27:26.779  1966  1966 F DEBUG   : ABI: 'arm'
01-17 23:27:26.780  1966  1966 F DEBUG   : pid: 32377, tid: 32377, name: mediaserver  >>> /system/bin/mediaserver <<<
01-17 23:27:26.780  1966  1966 F DEBUG   : signal 11 (SIGSEGV), code 1 (SEGV_MAPERR), fault addr 0x4
01-17 23:27:26.786  1966  1966 F DEBUG   :     r0 00000000  r1 00000004  r2 00000000  r3 b6e89c30
01-17 23:27:26.786  1966  1966 F DEBUG   :     r4 00000000  r5 812a2be0  r6 b6b27e49  r7 befd0854
01-17 23:27:26.786  1966  1966 F DEBUG   :     r8 befd0858  r9 00000000  sl 00000000  fp befd0a5c
01-17 23:27:26.786  1966  1966 F DEBUG   :     ip 7f5cef98  sp befd0850  lr 7f5cb17b  pc b6b5531c  cpsr 000f0030
01-17 23:27:26.789  1966  1966 F DEBUG   : 
01-17 23:27:26.789  1966  1966 F DEBUG   : backtrace:
01-17 23:27:26.789  1966  1966 F DEBUG   :     #00 pc 0000e31c  /system/lib/libutils.so (_ZNK7android7RefBase9incStrongEPKv+7)
01-17 23:27:26.790  1966  1966 F DEBUG   :     #01 pc 00002177  /system/bin/mediaserver
01-17 23:27:26.790  1966  1966 F DEBUG   :     #02 pc 000019f7  /system/bin/mediaserver
01-17 23:27:26.790  1966  1966 F DEBUG   :     #03 pc 000157d5  /system/lib/libc.so (__libc_init+52)
01-17 23:27:26.790  1966  1966 F DEBUG   :     #04 pc 00001840  /system/bin/mediaserver
01-17 23:27:26.945  1966  1966 F DEBUG   : 
01-17 23:27:26.945  1966  1966 F DEBUG   : Tombstone written to: /data/tombstones/tombstone_03
01-17 23:27:27.789 32169 32169 E AndroidRuntime: *** FATAL EXCEPTION IN SYSTEM PROCESS: main
01-17 23:27:27.789 32169 32169 E AndroidRuntime: java.lang.NullPointerException: Attempt to invoke virtual method 'void com.android.server.wm.WindowManagerService.updateBootProgress(int, android.content.pm.ApplicationInfo, int, int, boolean)' on a null object reference
01-17 23:27:27.789 32169 32169 E AndroidRuntime: 	at com.android.server.am.ActivityManagerService.updateBootProgress(ActivityManagerService.java:6589)
01-17 23:27:27.789 32169 32169 E AndroidRuntime: 	at com.android.server.SystemServer.startOtherServices(SystemServer.java:624)
01-17 23:27:27.789 32169 32169 E AndroidRuntime: 	at com.android.server.SystemServer.run(SystemServer.java:291)
01-17 23:27:27.789 32169 32169 E AndroidRuntime: 	at com.android.server.SystemServer.main(SystemServer.java:176)
01-17 23:27:27.789 32169 32169 E AndroidRuntime: 	at java.lang.reflect.Method.invoke(Native Method)
01-17 23:27:27.789 32169 32169 E AndroidRuntime: 	at com.android.internal.os.ZygoteInit$MethodAndArgsCaller.run(ZygoteInit.java:726)
01-17 23:27:27.789 32169 32169 E AndroidRuntime: 	at com.android.internal.os.ZygoteInit.main(ZygoteInit.java:616)
01-17 23:27:32.067 32631 32631 F libc    : Fatal signal 11 (SIGSEGV), code 1, fault addr 0x4 in tid 32631 (mediaserver)
01-17 23:27:32.119  1966  1966 F DEBUG   : *** *** *** *** *** *** *** *** *** *** *** *** *** *** *** ***
01-17 23:27:32.119  1966  1966 F DEBUG   : LineageOS Version: '13.0-20170519-UNOFFICIAL-land'
01-17 23:27:32.119  1966  1966 F DEBUG   : Build fingerprint: 'Xiaomi/land/land:6.0.1/MMB29M/7.3.16:user/release-keys'
01-17 23:27:32.119  1966  1966 F DEBUG   : Revision: '0'
01-17 23:27:32.119  1966  1966 F DEBUG   : ABI: 'arm'
01-17 23:27:32.119  1966  1966 F DEBUG   : pid: 32631, tid: 32631, name: mediaserver  >>> /system/bin/mediaserver <<<
01-17 23:27:32.119  1966  1966 F DEBUG   : signal 11 (SIGSEGV), code 1 (SEGV_MAPERR), fault addr 0x4
01-17 23:27:32.130  1966  1966 F DEBUG   :     r0 00000000  r1 00000004  r2 00000000  r3 b6ecfc30
01-17 23:27:32.130  1966  1966 F DEBUG   :     r4 00000000  r5 80d95be0  r6 b6b6de49  r7 be858854
01-17 23:27:32.130  1966  1966 F DEBUG   :     r8 be858858  r9 00000000  sl 00000000  fp be858a5c
01-17 23:27:32.130  1966  1966 F DEBUG   :     ip 7f5daf98  sp be858850  lr 7f5d717b  pc b6b9b31c  cpsr 000f0030
01-17 23:27:32.132  1966  1966 F DEBUG   : 
01-17 23:27:32.132  1966  1966 F DEBUG   : backtrace:
01-17 23:27:32.132  1966  1966 F DEBUG   :     #00 pc 0000e31c  /system/lib/libutils.so (_ZNK7android7RefBase9incStrongEPKv+7)
01-17 23:27:32.132  1966  1966 F DEBUG   :     #01 pc 00002177  /system/bin/mediaserver
01-17 23:27:32.132  1966  1966 F DEBUG   :     #02 pc 000019f7  /system/bin/mediaserver
01-17 23:27:32.133  1966  1966 F DEBUG   :     #03 pc 000157d5  /system/lib/libc.so (__libc_init+52)
01-17 23:27:32.133  1966  1966 F DEBUG   :     #04 pc 00001840  /system/bin/mediaserver
01-17 23:27:32.281  1966  1966 F DEBUG   : 
01-17 23:27:32.281  1966  1966 F DEBUG   : Tombstone written to: /data/tombstones/tombstone_04
01-17 23:27:34.530 32498 32498 E AndroidRuntime: *** FATAL EXCEPTION IN SYSTEM PROCESS: main
01-17 23:27:34.530 32498 32498 E AndroidRuntime: java.lang.NullPointerException: Attempt to invoke virtual method 'void com.android.server.wm.WindowManagerService.updateBootProgress(int, android.content.pm.ApplicationInfo, int, int, boolean)' on a null object reference
01-17 23:27:34.530 32498 32498 E AndroidRuntime: 	at com.android.server.am.ActivityManagerService.updateBootProgress(ActivityManagerService.java:6589)
01-17 23:27:34.530 32498 32498 E AndroidRuntime: 	at com.android.server.SystemServer.startOtherServices(SystemServer.java:624)
01-17 23:27:34.530 32498 32498 E AndroidRuntime: 	at com.android.server.SystemServer.run(SystemServer.java:291)
01-17 23:27:34.530 32498 32498 E AndroidRuntime: 	at com.android.server.SystemServer.main(SystemServer.java:176)
01-17 23:27:34.530 32498 32498 E AndroidRuntime: 	at java.lang.reflect.Method.invoke(Native Method)
01-17 23:27:34.530 32498 32498 E AndroidRuntime: 	at com.android.internal.os.ZygoteInit$MethodAndArgsCaller.run(ZygoteInit.java:726)
01-17 23:27:34.530 32498 32498 E AndroidRuntime: 	at com.android.internal.os.ZygoteInit.main(ZygoteInit.java:616)
01-17 23:27:36.919   475   475 F libc    : Fatal signal 11 (SIGSEGV), code 1, fault addr 0x4 in tid 475 (mediaserver)
01-17 23:27:36.971  1966  1966 F DEBUG   : *** *** *** *** *** *** *** *** *** *** *** *** *** *** *** ***
01-17 23:27:36.971  1966  1966 F DEBUG   : LineageOS Version: '13.0-20170519-UNOFFICIAL-land'
01-17 23:27:36.971  1966  1966 F DEBUG   : Build fingerprint: 'Xiaomi/land/land:6.0.1/MMB29M/7.3.16:user/release-keys'
01-17 23:27:36.971  1966  1966 F DEBUG   : Revision: '0'
01-17 23:27:36.971  1966  1966 F DEBUG   : ABI: 'arm'
01-17 23:27:36.971  1966  1966 F DEBUG   : pid: 475, tid: 475, name: mediaserver  >>> /system/bin/mediaserver <<<
01-17 23:27:36.971  1966  1966 F DEBUG   : signal 11 (SIGSEGV), code 1 (SEGV_MAPERR), fault addr 0x4
01-17 23:27:36.977  1966  1966 F DEBUG   :     r0 00000000  r1 00000004  r2 00000000  r3 b6ee9c30
01-17 23:27:36.977  1966  1966 F DEBUG   :     r4 00000000  r5 7fe0ebe0  r6 b6b87e49  r7 beaa6854
01-17 23:27:36.977  1966  1966 F DEBUG   :     r8 beaa6858  r9 00000000  sl 00000000  fp beaa6a5c
01-17 23:27:36.977  1966  1966 F DEBUG   :     ip 7f5c8f98  sp beaa6850  lr 7f5c517b  pc b6bb531c  cpsr 000f0030
01-17 23:27:36.980  1966  1966 F DEBUG   : 
01-17 23:27:36.980  1966  1966 F DEBUG   : backtrace:
01-17 23:27:36.980  1966  1966 F DEBUG   :     #00 pc 0000e31c  /system/lib/libutils.so (_ZNK7android7RefBase9incStrongEPKv+7)
01-17 23:27:36.980  1966  1966 F DEBUG   :     #01 pc 00002177  /system/bin/mediaserver
01-17 23:27:36.980  1966  1966 F DEBUG   :     #02 pc 000019f7  /system/bin/mediaserver
01-17 23:27:36.980  1966  1966 F DEBUG   :     #03 pc 000157d5  /system/lib/libc.so (__libc_init+52)
01-17 23:27:36.980  1966  1966 F DEBUG   :     #04 pc 00001840  /system/bin/mediaserver
01-17 23:27:37.120  1966  1966 F DEBUG   : 
01-17 23:27:37.120  1966  1966 F DEBUG   : Tombstone written to: /data/tombstones/tombstone_05
01-17 23:27:41.303   422   422 E AndroidRuntime: *** FATAL EXCEPTION IN SYSTEM PROCESS: main
01-17 23:27:41.303   422   422 E AndroidRuntime: java.lang.NullPointerException: Attempt to invoke virtual method 'void com.android.server.wm.WindowManagerService.updateBootProgress(int, android.content.pm.ApplicationInfo, int, int, boolean)' on a null object reference
01-17 23:27:41.303   422   422 E AndroidRuntime: 	at com.android.server.am.ActivityManagerService.updateBootProgress(ActivityManagerService.java:6589)
01-17 23:27:41.303   422   422 E AndroidRuntime: 	at com.android.server.SystemServer.startOtherServices(SystemServer.java:624)
01-17 23:27:41.303   422   422 E AndroidRuntime: 	at com.android.server.SystemServer.run(SystemServer.java:291)
01-17 23:27:41.303   422   422 E AndroidRuntime: 	at com.android.server.SystemServer.main(SystemServer.java:176)
01-17 23:27:41.303   422   422 E AndroidRuntime: 	at java.lang.reflect.Method.invoke(Native Method)
01-17 23:27:41.303   422   422 E AndroidRuntime: 	at com.android.internal.os.ZygoteInit$MethodAndArgsCaller.run(ZygoteInit.java:726)
01-17 23:27:41.303   422   422 E AndroidRuntime: 	at com.android.internal.os.ZygoteInit.main(ZygoteInit.java:616)
01-17 23:27:46.646  1151  1151 F libc    : Fatal signal 11 (SIGSEGV), code 1, fault addr 0x4 in tid 1151 (mediaserver)
01-17 23:27:46.698  1966  1966 F DEBUG   : *** *** *** *** *** *** *** *** *** *** *** *** *** *** *** ***
01-17 23:27:46.698  1966  1966 F DEBUG   : LineageOS Version: '13.0-20170519-UNOFFICIAL-land'
01-17 23:27:46.698  1966  1966 F DEBUG   : Build fingerprint: 'Xiaomi/land/land:6.0.1/MMB29M/7.3.16:user/release-keys'
01-17 23:27:46.698  1966  1966 F DEBUG   : Revision: '0'
01-17 23:27:46.698  1966  1966 F DEBUG   : ABI: 'arm'
01-17 23:27:46.698  1966  1966 F DEBUG   : pid: 1151, tid: 1151, name: mediaserver  >>> /system/bin/mediaserver <<<
01-17 23:27:46.698  1966  1966 F DEBUG   : signal 11 (SIGSEGV), code 1 (SEGV_MAPERR), fault addr 0x4
01-17 23:27:46.704  1966  1966 F DEBUG   :     r0 00000000  r1 00000004  r2 00000000  r3 b6e75c30
01-17 23:27:46.704  1966  1966 F DEBUG   :     r4 00000000  r5 8069dbe0  r6 b6b13e49  r7 be8be854
01-17 23:27:46.705  1966  1966 F DEBUG   :     r8 be8be858  r9 00000000  sl 00000000  fp be8bea5c
01-17 23:27:46.705  1966  1966 F DEBUG   :     ip 7f5aaf98  sp be8be850  lr 7f5a717b  pc b6b4131c  cpsr 000f0030
01-17 23:27:46.707  1966  1966 F DEBUG   : 
01-17 23:27:46.707  1966  1966 F DEBUG   : backtrace:
01-17 23:27:46.708  1966  1966 F DEBUG   :     #00 pc 0000e31c  /system/lib/libutils.so (_ZNK7android7RefBase9incStrongEPKv+7)
01-17 23:27:46.708  1966  1966 F DEBUG   :     #01 pc 00002177  /system/bin/mediaserver
01-17 23:27:46.708  1966  1966 F DEBUG   :     #02 pc 000019f7  /system/bin/mediaserver
01-17 23:27:46.708  1966  1966 F DEBUG   :     #03 pc 000157d5  /system/lib/libc.so (__libc_init+52)
01-17 23:27:46.708  1966  1966 F DEBUG   :     #04 pc 00001840  /system/bin/mediaserver
01-17 23:27:46.842  1966  1966 F DEBUG   : 
01-17 23:27:46.842  1966  1966 F DEBUG   : Tombstone written to: /data/tombstones/tombstone_06
01-17 23:27:48.118   976   976 E AndroidRuntime: *** FATAL EXCEPTION IN SYSTEM PROCESS: main
01-17 23:27:48.118   976   976 E AndroidRuntime: java.lang.NullPointerException: Attempt to invoke virtual method 'void com.android.server.wm.WindowManagerService.updateBootProgress(int, android.content.pm.ApplicationInfo, int, int, boolean)' on a null object reference
01-17 23:27:48.118   976   976 E AndroidRuntime: 	at com.android.server.am.ActivityManagerService.updateBootProgress(ActivityManagerService.java:6589)
01-17 23:27:48.118   976   976 E AndroidRuntime: 	at com.android.server.SystemServer.startOtherServices(SystemServer.java:624)
01-17 23:27:48.118   976   976 E AndroidRuntime: 	at com.android.server.SystemServer.run(SystemServer.java:291)
01-17 23:27:48.118   976   976 E AndroidRuntime: 	at com.android.server.SystemServer.main(SystemServer.java:176)
01-17 23:27:48.118   976   976 E AndroidRuntime: 	at java.lang.reflect.Method.invoke(Native Method)
01-17 23:27:48.118   976   976 E AndroidRuntime: 	at com.android.internal.os.ZygoteInit$MethodAndArgsCaller.run(ZygoteInit.java:726)
01-17 23:27:48.118   976   976 E AndroidRuntime: 	at com.android.internal.os.ZygoteInit.main(ZygoteInit.java:616)
01-17 23:27:51.458  1382  1382 F libc    : Fatal signal 11 (SIGSEGV), code 1, fault addr 0x4 in tid 1382 (mediaserver)
01-17 23:27:51.561  1966  1966 F DEBUG   : *** *** *** *** *** *** *** *** *** *** *** *** *** *** *** ***
01-17 23:27:51.561  1966  1966 F DEBUG   : LineageOS Version: '13.0-20170519-UNOFFICIAL-land'
01-17 23:27:51.561  1966  1966 F DEBUG   : Build fingerprint: 'Xiaomi/land/land:6.0.1/MMB29M/7.3.16:user/release-keys'
01-17 23:27:51.561  1966  1966 F DEBUG   : Revision: '0'
01-17 23:27:51.561  1966  1966 F DEBUG   : ABI: 'arm'
01-17 23:27:51.561  1966  1966 F DEBUG   : pid: 1382, tid: 1382, name: mediaserver  >>> /system/bin/mediaserver <<<
01-17 23:27:51.561  1966  1966 F DEBUG   : signal 11 (SIGSEGV), code 1 (SEGV_MAPERR), fault addr 0x4
01-17 23:27:51.567  1966  1966 F DEBUG   :     r0 00000000  r1 00000004  r2 00000000  r3 b6eb6c30
01-17 23:27:51.568  1966  1966 F DEBUG   :     r4 00000000  r5 80c53be0  r6 b6b54e49  r7 beb54854
01-17 23:27:51.568  1966  1966 F DEBUG   :     r8 beb54858  r9 00000000  sl 00000000  fp beb54a5c
01-17 23:27:51.568  1966  1966 F DEBUG   :     ip 7f580f98  sp beb54850  lr 7f57d17b  pc b6b8231c  cpsr 000f0030
01-17 23:27:51.570  1966  1966 F DEBUG   : 
01-17 23:27:51.570  1966  1966 F DEBUG   : backtrace:
01-17 23:27:51.570  1966  1966 F DEBUG   :     #00 pc 0000e31c  /system/lib/libutils.so (_ZNK7android7RefBase9incStrongEPKv+7)
01-17 23:27:51.570  1966  1966 F DEBUG   :     #01 pc 00002177  /system/bin/mediaserver
01-17 23:27:51.570  1966  1966 F DEBUG   :     #02 pc 000019f7  /system/bin/mediaserver
01-17 23:27:51.571  1966  1966 F DEBUG   :     #03 pc 000157d5  /system/lib/libc.so (__libc_init+52)
01-17 23:27:51.571  1966  1966 F DEBUG   :     #04 pc 00001840  /system/bin/mediaserver
01-17 23:27:51.766  1966  1966 F DEBUG   : 
01-17 23:27:51.766  1966  1966 F DEBUG   : Tombstone written to: /data/tombstones/tombstone_07


01-17 23:30:46.946  9200  9200 E System  : ******************************************
01-17 23:30:46.946  9200  9200 E System  : ************ Failure starting core service
01-17 23:30:46.946  9200  9200 E System  : java.lang.RuntimeException: FEATURE_CONSUMER_IR present, but no IR HAL loaded!
01-17 23:30:46.946  9200  9200 E System  : 	at com.android.server.ConsumerIrService.<init>(ConsumerIrService.java:51)
01-17 23:30:46.946  9200  9200 E System  : 	at com.android.server.SystemServer.startOtherServices(SystemServer.java:509)
01-17 23:30:46.946  9200  9200 E System  : 	at com.android.server.SystemServer.run(SystemServer.java:291)
01-17 23:30:46.946  9200  9200 E System  : 	at com.android.server.SystemServer.main(SystemServer.java:176)
01-17 23:30:46.946  9200  9200 E System  : 	at java.lang.reflect.Method.invoke(Native Method)
01-17 23:30:46.946  9200  9200 E System  : 	at com.android.internal.os.ZygoteInit$MethodAndArgsCaller.run(ZygoteInit.java:726)
01-17 23:30:46.946  9200  9200 E System  : 	at com.android.internal.os.ZygoteInit.main(ZygoteInit.java:616)
01-17 23:30:46.946  9200  9200 I SystemServer: Input Method Service
01-17 23:30:46.995  1966  1966 F DEBUG   : 
01-17 23:30:46.995  1966  1966 F DEBUG   : Tombstone written to: /data/tombstones/tombstone_08
01-17 23:30:47.003  9200  9200 W InputMethodManagerService: No IME selected. Choose the most applicable IME.
01-17 23:30:47.003  9200  9200 I InputMethodManagerService: Default found, using com.android.inputmethod.latin/.LatinIME
01-17 23:30:47.008  9200  9200 I SystemServer: Accessibility Manager
01-17 23:30:47.012  9200  9200 W SystemServer: ***********************************************
01-17 23:30:47.012  9200  9200 E SystemServer: BOOT FAILURE making display ready
01-17 23:30:47.012  9200  9200 E SystemServer: java.lang.NullPointerException: Attempt to invoke virtual method 'void com.android.server.wm.WindowManagerService.displayReady()' on a null object reference
01-17 23:30:47.012  9200  9200 E SystemServer: 	at com.android.server.SystemServer.startOtherServices(SystemServer.java:591)
01-17 23:30:47.012  9200  9200 E SystemServer: 	at com.android.server.SystemServer.run(SystemServer.java:291)
01-17 23:30:47.012  9200  9200 E SystemServer: 	at com.android.server.SystemServer.main(SystemServer.java:176)
01-17 23:30:47.012  9200  9200 E SystemServer: 	at java.lang.reflect.Method.invoke(Native Method)
01-17 23:30:47.012  9200  9200 E SystemServer: 	at com.android.internal.os.ZygoteInit$MethodAndArgsCaller.run(ZygoteInit.java:726)
01-17 23:30:47.012  9200  9200 E SystemServer: 	at com.android.internal.os.ZygoteInit.main(ZygoteInit.java:616)
01-17 23:30:47.013  9200  9200 I SystemServiceManager: Starting com.android.server.MountService$Lifecycle
01-17 23:30:47.023  9200  9429 D MountService: Thinking about reset, mSystemReady=false, mDaemonConnected=true
01-17 23:30:47.023  9200  9200 I SystemServiceManager: Starting com.android.server.UiModeManagerService
01-17 23:30:47.023  9200  9429 D MountService: Thinking about reset, mSystemReady=false, mDaemonConnected=true
01-17 23:30:47.023  9200  9429 D CryptdConnector: SND -> {1 cryptfs getfield SystemLocale}
01-17 23:30:47.024   364   414 I Ext4Crypt: ext4 crypto complete called on /data
01-17 23:30:47.024   364   414 I Ext4Crypt: No master key, so not ext4enc
01-17 23:30:47.024  9200  9431 D CryptdConnector: RCV <- {200 1 -1}
01-17 23:30:47.025  9200  9200 I ActivityManager: Config changes=200 {1.0 ?mcc?mnc en_US ldltr ?swdp ?wdp ?hdp ?density ?lsize ?long ?orien ?touch ?keyb/?/? ?nav/? s.2 themeResource=null}
01-17 23:30:47.027  9200  9429 W MountService: No primary storage mounted!
01-17 23:30:47.027  9200  9429 D VoldConnector: SND -> {1 asec list}
01-17 23:30:47.027  9200  9430 D VoldConnector: RCV <- {200 1 asec operation succeeded}
01-17 23:30:47.028  9200  9429 W PackageManager: Not granting permission android.permission.INTERACT_ACROSS_USERS_FULL to package org.cyanogenmod.snap (protectionLevel=258 flags=0x3858bc45)
01-17 23:30:47.028  9200  9429 W PackageManager: Not granting permission android.permission.SET_ORIENTATION to package org.cyanogenmod.snap (protectionLevel=2 flags=0x3858bc45)
01-17 23:30:47.028  9200  9429 W PackageManager: Unknown permission com.google.android.googleapps.permission.GOOGLE_AUTH in package com.android.providers.calendar
01-17 23:30:47.028  9200  9429 W PackageManager: Unknown permission com.google.android.googleapps.permission.GOOGLE_AUTH.cl in package com.android.providers.calendar
01-17 23:30:47.028  9200  9200 W SystemServer: ***********************************************
01-17 23:30:47.029  9200  9200 E SystemServer: BOOT FAILURE performing boot dexopt
01-17 23:30:47.029  9200  9200 E SystemServer: java.lang.NullPointerException: Attempt to invoke virtual method 'void com.android.server.wm.WindowManagerService.updateBootProgress(int, android.content.pm.ApplicationInfo, int, int, boolean)' on a null object reference
01-17 23:30:47.029  9200  9200 E SystemServer: 	at com.android.server.am.ActivityManagerService.updateBootProgress(ActivityManagerService.java:6589)
01-17 23:30:47.029  9200  9200 E SystemServer: 	at com.android.server.pm.PackageManagerService.performBootDexOpt(PackageManagerService.java:6495)
01-17 23:30:47.029  9200  9200 E SystemServer: 	at com.android.server.pm.PackageManagerService.performBootDexOpt(PackageManagerService.java:6442)
01-17 23:30:47.029  9200  9200 E SystemServer: 	at com.android.server.SystemServer.startOtherServices(SystemServer.java:618)
01-17 23:30:47.029  9200  9200 E SystemServer: 	at com.android.server.SystemServer.run(SystemServer.java:291)
01-17 23:30:47.029  9200  9200 E SystemServer: 	at com.android.server.SystemServer.main(SystemServer.java:176)
01-17 23:30:47.029  9200  9200 E SystemServer: 	at java.lang.reflect.Method.invoke(Native Method)
01-17 23:30:47.029  9200  9200 E SystemServer: 	at com.android.internal.os.ZygoteInit$MethodAndArgsCaller.run(ZygoteInit.java:726)
01-17 23:30:47.029  9200  9200 E SystemServer: 	at com.android.internal.os.ZygoteInit.main(ZygoteInit.java:616)
01-17 23:30:47.029  9200  9429 W PackageManager: Unknown permission com.qualcomm.permission.USE_QCRIL_MSG_TUNNEL in package com.qualcomm.shutdownlistner
01-17 23:30:47.029  9200  9429 W PackageManager: Not granting permission android.permission.REAL_GET_TASKS to package org.cyanogenmod.wallpapers.photophase (protectionLevel=18 flags=0x3818be45)
01-17 23:30:47.029  9200  9429 W PackageManager: Unknown permission android.permission.CANCEL_NOTIFICATIONS in package org.cyanogenmod.theme.chooser2
01-17 23:30:47.029  9200  9200 E System  : ******************************************
01-17 23:30:47.029  9200  9429 W PackageManager: Not granting permission android.permission.ACCESS_DOWNLOAD_MANAGER to package org.cyanogenmod.gello.browser (protectionLevel=18 flags=0x3809be45)
01-17 23:30:47.029  9200  9429 W PackageManager: Not granting permission android.permission.SEND_DOWNLOAD_COMPLETED_INTENTS to package org.cyanogenmod.gello.browser (protectionLevel=2 flags=0x3809be45)
01-17 23:30:47.029  9200  9429 W PackageManager: Not granting permission android.permission.WRITE_MEDIA_STORAGE to package org.cyanogenmod.gello.browser (protectionLevel=18 flags=0x3809be45)
01-17 23:30:47.029  9200  9200 E System  : ************ Failure starting system services
01-17 23:30:47.029  9200  9200 E System  : java.lang.NullPointerException: Attempt to invoke virtual method 'void com.android.server.wm.WindowManagerService.updateBootProgress(int, android.content.pm.ApplicationInfo, int, int, boolean)' on a null object reference
01-17 23:30:47.029  9200  9200 E System  : 	at com.android.server.am.ActivityManagerService.updateBootProgress(ActivityManagerService.java:6589)
01-17 23:30:47.029  9200  9200 E System  : 	at com.android.server.SystemServer.startOtherServices(SystemServer.java:624)
01-17 23:30:47.029  9200  9200 E System  : 	at com.android.server.SystemServer.run(SystemServer.java:291)
01-17 23:30:47.029  9200  9200 E System  : 	at com.android.server.SystemServer.main(SystemServer.java:176)
01-17 23:30:47.029  9200  9200 E System  : 	at java.lang.reflect.Method.invoke(Native Method)
01-17 23:30:47.029  9200  9200 E System  : 	at com.android.internal.os.ZygoteInit$MethodAndArgsCaller.run(ZygoteInit.java:726)
01-17 23:30:47.029  9200  9200 E System  : 	at com.android.internal.os.ZygoteInit.main(ZygoteInit.java:616)
01-17 23:30:47.029  9200  9429 W PackageManager: Unknown permission org.cyanogenmod.gello.browser.permission.READ_HOMEPAGE in package org.cyanogenmod.gello.browser
01-17 23:30:47.029  9200  9429 W PackageManager: Unknown permission org.cyanogenmod.gello.browser.permission.WRITE_HOMEPAGE in package org.cyanogenmod.gello.browser
01-17 23:30:47.030  9200  9200 E AndroidRuntime: *** FATAL EXCEPTION IN SYSTEM PROCESS: main
01-17 23:30:47.030  9200  9200 E AndroidRuntime: java.lang.NullPointerException: Attempt to invoke virtual method 'void com.android.server.wm.WindowManagerService.updateBootProgress(int, android.content.pm.ApplicationInfo, int, int, boolean)' on a null object reference
01-17 23:30:47.030  9200  9200 E AndroidRuntime: 	at com.android.server.am.ActivityManagerService.updateBootProgress(ActivityManagerService.java:6589)
